------------------------------------------------------------
TimeQuest Timing Analyzer Summary
------------------------------------------------------------

Type  : Slow 1200mV 85C Model Setup 'NiosII|external_clocks|DE_Clock_Generator_System|auto_generated|pll1|clk[0]'
Slack : 3.599
TNS   : 0.000

Type  : Slow 1200mV 85C Model Setup 'NiosII|external_clocks|DE_Clock_Generator_System|auto_generated|pll1|clk[2]'
Slack : 32.573
TNS   : 0.000

Type  : Slow 1200mV 85C Model Setup 'altera_reserved_tck'
Slack : 45.107
TNS   : 0.000

Type  : Slow 1200mV 85C Model Hold 'NiosII|external_clocks|DE_Clock_Generator_System|auto_generated|pll1|clk[0]'
Slack : 0.391
TNS   : 0.000

Type  : Slow 1200mV 85C Model Hold 'altera_reserved_tck'
Slack : 0.443
TNS   : 0.000

Type  : Slow 1200mV 85C Model Hold 'NiosII|external_clocks|DE_Clock_Generator_System|auto_generated|pll1|clk[2]'
Slack : 0.446
TNS   : 0.000

Type  : Slow 1200mV 85C Model Recovery 'NiosII|external_clocks|DE_Clock_Generator_System|auto_generated|pll1|clk[0]'
Slack : 4.751
TNS   : 0.000

Type  : Slow 1200mV 85C Model Recovery 'altera_reserved_tck'
Slack : 47.702
TNS   : 0.000

Type  : Slow 1200mV 85C Model Removal 'altera_reserved_tck'
Slack : 1.389
TNS   : 0.000

Type  : Slow 1200mV 85C Model Removal 'NiosII|external_clocks|DE_Clock_Generator_System|auto_generated|pll1|clk[0]'
Slack : 1.564
TNS   : 0.000

Type  : Slow 1200mV 85C Model Minimum Pulse Width 'NiosII|external_clocks|DE_Clock_Generator_System|auto_generated|pll1|clk[0]'
Slack : 9.572
TNS   : 0.000

Type  : Slow 1200mV 85C Model Minimum Pulse Width 'CLOCK_50'
Slack : 9.891
TNS   : 0.000

Type  : Slow 1200mV 85C Model Minimum Pulse Width 'TD_CLK27'
Slack : 18.410
TNS   : 0.000

Type  : Slow 1200mV 85C Model Minimum Pulse Width 'NiosII|external_clocks|DE_Clock_Generator_System|auto_generated|pll1|clk[2]'
Slack : 19.675
TNS   : 0.000

Type  : Slow 1200mV 85C Model Minimum Pulse Width 'altera_reserved_tck'
Slack : 49.503
TNS   : 0.000

Type  : Slow 1200mV 0C Model Setup 'NiosII|external_clocks|DE_Clock_Generator_System|auto_generated|pll1|clk[0]'
Slack : 4.479
TNS   : 0.000

Type  : Slow 1200mV 0C Model Setup 'NiosII|external_clocks|DE_Clock_Generator_System|auto_generated|pll1|clk[2]'
Slack : 33.197
TNS   : 0.000

Type  : Slow 1200mV 0C Model Setup 'altera_reserved_tck'
Slack : 45.484
TNS   : 0.000

Type  : Slow 1200mV 0C Model Hold 'NiosII|external_clocks|DE_Clock_Generator_System|auto_generated|pll1|clk[0]'
Slack : 0.374
TNS   : 0.000

Type  : Slow 1200mV 0C Model Hold 'altera_reserved_tck'
Slack : 0.393
TNS   : 0.000

Type  : Slow 1200mV 0C Model Hold 'NiosII|external_clocks|DE_Clock_Generator_System|auto_generated|pll1|clk[2]'
Slack : 0.395
TNS   : 0.000

Type  : Slow 1200mV 0C Model Recovery 'NiosII|external_clocks|DE_Clock_Generator_System|auto_generated|pll1|clk[0]'
Slack : 5.201
TNS   : 0.000

Type  : Slow 1200mV 0C Model Recovery 'altera_reserved_tck'
Slack : 48.005
TNS   : 0.000

Type  : Slow 1200mV 0C Model Removal 'altera_reserved_tck'
Slack : 1.283
TNS   : 0.000

Type  : Slow 1200mV 0C Model Removal 'NiosII|external_clocks|DE_Clock_Generator_System|auto_generated|pll1|clk[0]'
Slack : 1.421
TNS   : 0.000

Type  : Slow 1200mV 0C Model Minimum Pulse Width 'NiosII|external_clocks|DE_Clock_Generator_System|auto_generated|pll1|clk[0]'
Slack : 9.584
TNS   : 0.000

Type  : Slow 1200mV 0C Model Minimum Pulse Width 'CLOCK_50'
Slack : 9.882
TNS   : 0.000

Type  : Slow 1200mV 0C Model Minimum Pulse Width 'TD_CLK27'
Slack : 18.405
TNS   : 0.000

Type  : Slow 1200mV 0C Model Minimum Pulse Width 'NiosII|external_clocks|DE_Clock_Generator_System|auto_generated|pll1|clk[2]'
Slack : 19.683
TNS   : 0.000

Type  : Slow 1200mV 0C Model Minimum Pulse Width 'altera_reserved_tck'
Slack : 49.381
TNS   : 0.000

Type  : Fast 1200mV 0C Model Setup 'NiosII|external_clocks|DE_Clock_Generator_System|auto_generated|pll1|clk[0]'
Slack : 8.503
TNS   : 0.000

Type  : Fast 1200mV 0C Model Setup 'NiosII|external_clocks|DE_Clock_Generator_System|auto_generated|pll1|clk[2]'
Slack : 37.028
TNS   : 0.000

Type  : Fast 1200mV 0C Model Setup 'altera_reserved_tck'
Slack : 48.235
TNS   : 0.000

Type  : Fast 1200mV 0C Model Hold 'NiosII|external_clocks|DE_Clock_Generator_System|auto_generated|pll1|clk[0]'
Slack : 0.128
TNS   : 0.000

Type  : Fast 1200mV 0C Model Hold 'altera_reserved_tck'
Slack : 0.179
TNS   : 0.000

Type  : Fast 1200mV 0C Model Hold 'NiosII|external_clocks|DE_Clock_Generator_System|auto_generated|pll1|clk[2]'
Slack : 0.185
TNS   : 0.000

Type  : Fast 1200mV 0C Model Recovery 'NiosII|external_clocks|DE_Clock_Generator_System|auto_generated|pll1|clk[0]'
Slack : 7.639
TNS   : 0.000

Type  : Fast 1200mV 0C Model Recovery 'altera_reserved_tck'
Slack : 49.285
TNS   : 0.000

Type  : Fast 1200mV 0C Model Removal 'altera_reserved_tck'
Slack : 0.584
TNS   : 0.000

Type  : Fast 1200mV 0C Model Removal 'NiosII|external_clocks|DE_Clock_Generator_System|auto_generated|pll1|clk[0]'
Slack : 0.676
TNS   : 0.000

Type  : Fast 1200mV 0C Model Minimum Pulse Width 'CLOCK_50'
Slack : 9.400
TNS   : 0.000

Type  : Fast 1200mV 0C Model Minimum Pulse Width 'NiosII|external_clocks|DE_Clock_Generator_System|auto_generated|pll1|clk[0]'
Slack : 9.750
TNS   : 0.000

Type  : Fast 1200mV 0C Model Minimum Pulse Width 'TD_CLK27'
Slack : 17.920
TNS   : 0.000

Type  : Fast 1200mV 0C Model Minimum Pulse Width 'NiosII|external_clocks|DE_Clock_Generator_System|auto_generated|pll1|clk[2]'
Slack : 19.756
TNS   : 0.000

Type  : Fast 1200mV 0C Model Minimum Pulse Width 'altera_reserved_tck'
Slack : 49.302
TNS   : 0.000

------------------------------------------------------------
