------------------------------------------------------------
TimeQuest Timing Analyzer Summary
------------------------------------------------------------

Type  : Slow 1200mV 85C Model Setup 'NiosII|external_clocks|DE_Clock_Generator_System|auto_generated|pll1|clk[0]'
Slack : 3.907
TNS   : 0.000

Type  : Slow 1200mV 85C Model Setup 'CLOCK_50'
Slack : 12.098
TNS   : 0.000

Type  : Slow 1200mV 85C Model Setup 'altera_reserved_tck'
Slack : 45.515
TNS   : 0.000

Type  : Slow 1200mV 85C Model Hold 'NiosII|external_clocks|DE_Clock_Generator_System|auto_generated|pll1|clk[0]'
Slack : 0.391
TNS   : 0.000

Type  : Slow 1200mV 85C Model Hold 'CLOCK_50'
Slack : 0.402
TNS   : 0.000

Type  : Slow 1200mV 85C Model Hold 'altera_reserved_tck'
Slack : 0.444
TNS   : 0.000

Type  : Slow 1200mV 85C Model Recovery 'NiosII|external_clocks|DE_Clock_Generator_System|auto_generated|pll1|clk[0]'
Slack : 4.066
TNS   : 0.000

Type  : Slow 1200mV 85C Model Recovery 'altera_reserved_tck'
Slack : 48.069
TNS   : 0.000

Type  : Slow 1200mV 85C Model Removal 'altera_reserved_tck'
Slack : 1.414
TNS   : 0.000

Type  : Slow 1200mV 85C Model Removal 'NiosII|external_clocks|DE_Clock_Generator_System|auto_generated|pll1|clk[0]'
Slack : 1.590
TNS   : 0.000

Type  : Slow 1200mV 85C Model Minimum Pulse Width 'NiosII|external_clocks|DE_Clock_Generator_System|auto_generated|pll1|clk[0]'
Slack : 9.576
TNS   : 0.000

Type  : Slow 1200mV 85C Model Minimum Pulse Width 'CLOCK_50'
Slack : 9.639
TNS   : 0.000

Type  : Slow 1200mV 85C Model Minimum Pulse Width 'TD_CLK27'
Slack : 33.037
TNS   : 0.000

Type  : Slow 1200mV 85C Model Minimum Pulse Width 'altera_reserved_tck'
Slack : 49.490
TNS   : 0.000

Type  : Slow 1200mV 0C Model Setup 'NiosII|external_clocks|DE_Clock_Generator_System|auto_generated|pll1|clk[0]'
Slack : 4.885
TNS   : 0.000

Type  : Slow 1200mV 0C Model Setup 'CLOCK_50'
Slack : 12.634
TNS   : 0.000

Type  : Slow 1200mV 0C Model Setup 'altera_reserved_tck'
Slack : 45.905
TNS   : 0.000

Type  : Slow 1200mV 0C Model Hold 'NiosII|external_clocks|DE_Clock_Generator_System|auto_generated|pll1|clk[0]'
Slack : 0.377
TNS   : 0.000

Type  : Slow 1200mV 0C Model Hold 'CLOCK_50'
Slack : 0.388
TNS   : 0.000

Type  : Slow 1200mV 0C Model Hold 'altera_reserved_tck'
Slack : 0.393
TNS   : 0.000

Type  : Slow 1200mV 0C Model Recovery 'NiosII|external_clocks|DE_Clock_Generator_System|auto_generated|pll1|clk[0]'
Slack : 4.545
TNS   : 0.000

Type  : Slow 1200mV 0C Model Recovery 'altera_reserved_tck'
Slack : 48.378
TNS   : 0.000

Type  : Slow 1200mV 0C Model Removal 'altera_reserved_tck'
Slack : 1.268
TNS   : 0.000

Type  : Slow 1200mV 0C Model Removal 'NiosII|external_clocks|DE_Clock_Generator_System|auto_generated|pll1|clk[0]'
Slack : 1.446
TNS   : 0.000

Type  : Slow 1200mV 0C Model Minimum Pulse Width 'NiosII|external_clocks|DE_Clock_Generator_System|auto_generated|pll1|clk[0]'
Slack : 9.589
TNS   : 0.000

Type  : Slow 1200mV 0C Model Minimum Pulse Width 'CLOCK_50'
Slack : 9.636
TNS   : 0.000

Type  : Slow 1200mV 0C Model Minimum Pulse Width 'TD_CLK27'
Slack : 33.037
TNS   : 0.000

Type  : Slow 1200mV 0C Model Minimum Pulse Width 'altera_reserved_tck'
Slack : 49.362
TNS   : 0.000

Type  : Fast 1200mV 0C Model Setup 'NiosII|external_clocks|DE_Clock_Generator_System|auto_generated|pll1|clk[0]'
Slack : 8.087
TNS   : 0.000

Type  : Fast 1200mV 0C Model Setup 'CLOCK_50'
Slack : 16.445
TNS   : 0.000

Type  : Fast 1200mV 0C Model Setup 'altera_reserved_tck'
Slack : 48.348
TNS   : 0.000

Type  : Fast 1200mV 0C Model Hold 'NiosII|external_clocks|DE_Clock_Generator_System|auto_generated|pll1|clk[0]'
Slack : 0.133
TNS   : 0.000

Type  : Fast 1200mV 0C Model Hold 'CLOCK_50'
Slack : 0.137
TNS   : 0.000

Type  : Fast 1200mV 0C Model Hold 'altera_reserved_tck'
Slack : 0.181
TNS   : 0.000

Type  : Fast 1200mV 0C Model Recovery 'NiosII|external_clocks|DE_Clock_Generator_System|auto_generated|pll1|clk[0]'
Slack : 7.318
TNS   : 0.000

Type  : Fast 1200mV 0C Model Recovery 'altera_reserved_tck'
Slack : 49.458
TNS   : 0.000

Type  : Fast 1200mV 0C Model Removal 'altera_reserved_tck'
Slack : 0.577
TNS   : 0.000

Type  : Fast 1200mV 0C Model Removal 'NiosII|external_clocks|DE_Clock_Generator_System|auto_generated|pll1|clk[0]'
Slack : 0.675
TNS   : 0.000

Type  : Fast 1200mV 0C Model Minimum Pulse Width 'CLOCK_50'
Slack : 9.202
TNS   : 0.000

Type  : Fast 1200mV 0C Model Minimum Pulse Width 'NiosII|external_clocks|DE_Clock_Generator_System|auto_generated|pll1|clk[0]'
Slack : 9.751
TNS   : 0.000

Type  : Fast 1200mV 0C Model Minimum Pulse Width 'TD_CLK27'
Slack : 33.037
TNS   : 0.000

Type  : Fast 1200mV 0C Model Minimum Pulse Width 'altera_reserved_tck'
Slack : 49.299
TNS   : 0.000

------------------------------------------------------------
