------------------------------------------------------------
TimeQuest Timing Analyzer Summary
------------------------------------------------------------

Type  : Slow 1200mV 85C Model Setup 'CLOCK_50'
Slack : -4.125
TNS   : -561.158

Type  : Slow 1200mV 85C Model Setup 'RythmController:rythmCtl|BPM_clk'
Slack : -3.429
TNS   : -97.847

Type  : Slow 1200mV 85C Model Hold 'CLOCK_50'
Slack : -0.174
TNS   : -0.174

Type  : Slow 1200mV 85C Model Hold 'RythmController:rythmCtl|BPM_clk'
Slack : 1.246
TNS   : 0.000

Type  : Slow 1200mV 85C Model Minimum Pulse Width 'CLOCK_50'
Slack : -3.000
TNS   : -339.369

Type  : Slow 1200mV 85C Model Minimum Pulse Width 'RythmController:rythmCtl|BPM_clk'
Slack : -1.285
TNS   : -42.405

Type  : Slow 1200mV 85C Model Minimum Pulse Width 'CLOCK2_50'
Slack : 18.413
TNS   : 0.000

Type  : Slow 1200mV 0C Model Setup 'CLOCK_50'
Slack : -3.756
TNS   : -486.298

Type  : Slow 1200mV 0C Model Setup 'RythmController:rythmCtl|BPM_clk'
Slack : -3.109
TNS   : -87.277

Type  : Slow 1200mV 0C Model Hold 'CLOCK_50'
Slack : -0.122
TNS   : -0.122

Type  : Slow 1200mV 0C Model Hold 'RythmController:rythmCtl|BPM_clk'
Slack : 1.115
TNS   : 0.000

Type  : Slow 1200mV 0C Model Minimum Pulse Width 'CLOCK_50'
Slack : -3.000
TNS   : -339.017

Type  : Slow 1200mV 0C Model Minimum Pulse Width 'RythmController:rythmCtl|BPM_clk'
Slack : -1.285
TNS   : -42.405

Type  : Slow 1200mV 0C Model Minimum Pulse Width 'CLOCK2_50'
Slack : 18.424
TNS   : 0.000

Type  : Fast 1200mV 0C Model Setup 'CLOCK_50'
Slack : -1.501
TNS   : -148.891

Type  : Fast 1200mV 0C Model Setup 'RythmController:rythmCtl|BPM_clk'
Slack : -1.165
TNS   : -31.319

Type  : Fast 1200mV 0C Model Hold 'CLOCK_50'
Slack : -0.311
TNS   : -0.311

Type  : Fast 1200mV 0C Model Hold 'RythmController:rythmCtl|BPM_clk'
Slack : 0.578
TNS   : 0.000

Type  : Fast 1200mV 0C Model Minimum Pulse Width 'CLOCK_50'
Slack : -3.000
TNS   : -272.971

Type  : Fast 1200mV 0C Model Minimum Pulse Width 'RythmController:rythmCtl|BPM_clk'
Slack : -1.000
TNS   : -33.000

Type  : Fast 1200mV 0C Model Minimum Pulse Width 'CLOCK2_50'
Slack : 18.096
TNS   : 0.000

------------------------------------------------------------
