------------------------------------------------------------
TimeQuest Timing Analyzer Summary
------------------------------------------------------------

Type  : Slow 1200mV 85C Model Setup 'NiosII|external_clocks|DE_Clock_Generator_System|auto_generated|pll1|clk[0]'
Slack : 5.575
TNS   : 0.000

Type  : Slow 1200mV 85C Model Setup 'CLOCK_50'
Slack : 5.726
TNS   : 0.000

Type  : Slow 1200mV 85C Model Setup 'altera_reserved_tck'
Slack : 44.603
TNS   : 0.000

Type  : Slow 1200mV 85C Model Hold 'NiosII|external_clocks|DE_Clock_Generator_System|auto_generated|pll1|clk[0]'
Slack : 0.328
TNS   : 0.000

Type  : Slow 1200mV 85C Model Hold 'CLOCK_50'
Slack : 0.389
TNS   : 0.000

Type  : Slow 1200mV 85C Model Hold 'altera_reserved_tck'
Slack : 0.444
TNS   : 0.000

Type  : Slow 1200mV 85C Model Recovery 'NiosII|external_clocks|DE_Clock_Generator_System|auto_generated|pll1|clk[0]'
Slack : 4.264
TNS   : 0.000

Type  : Slow 1200mV 85C Model Recovery 'CLOCK_50'
Slack : 15.415
TNS   : 0.000

Type  : Slow 1200mV 85C Model Recovery 'altera_reserved_tck'
Slack : 47.469
TNS   : 0.000

Type  : Slow 1200mV 85C Model Removal 'NiosII|external_clocks|DE_Clock_Generator_System|auto_generated|pll1|clk[0]'
Slack : 1.587
TNS   : 0.000

Type  : Slow 1200mV 85C Model Removal 'altera_reserved_tck'
Slack : 1.664
TNS   : 0.000

Type  : Slow 1200mV 85C Model Removal 'CLOCK_50'
Slack : 3.371
TNS   : 0.000

Type  : Slow 1200mV 85C Model Minimum Pulse Width 'NiosII|external_clocks|DE_Clock_Generator_System|auto_generated|pll1|clk[0]'
Slack : 9.574
TNS   : 0.000

Type  : Slow 1200mV 85C Model Minimum Pulse Width 'CLOCK_50'
Slack : 9.639
TNS   : 0.000

Type  : Slow 1200mV 85C Model Minimum Pulse Width 'TD_CLK27'
Slack : 33.037
TNS   : 0.000

Type  : Slow 1200mV 85C Model Minimum Pulse Width 'altera_reserved_tck'
Slack : 49.495
TNS   : 0.000

Type  : Slow 1200mV 0C Model Setup 'NiosII|external_clocks|DE_Clock_Generator_System|auto_generated|pll1|clk[0]'
Slack : 5.933
TNS   : 0.000

Type  : Slow 1200mV 0C Model Setup 'CLOCK_50'
Slack : 6.971
TNS   : 0.000

Type  : Slow 1200mV 0C Model Setup 'altera_reserved_tck'
Slack : 44.989
TNS   : 0.000

Type  : Slow 1200mV 0C Model Hold 'NiosII|external_clocks|DE_Clock_Generator_System|auto_generated|pll1|clk[0]'
Slack : 0.314
TNS   : 0.000

Type  : Slow 1200mV 0C Model Hold 'CLOCK_50'
Slack : 0.375
TNS   : 0.000

Type  : Slow 1200mV 0C Model Hold 'altera_reserved_tck'
Slack : 0.393
TNS   : 0.000

Type  : Slow 1200mV 0C Model Recovery 'NiosII|external_clocks|DE_Clock_Generator_System|auto_generated|pll1|clk[0]'
Slack : 4.726
TNS   : 0.000

Type  : Slow 1200mV 0C Model Recovery 'CLOCK_50'
Slack : 15.806
TNS   : 0.000

Type  : Slow 1200mV 0C Model Recovery 'altera_reserved_tck'
Slack : 47.783
TNS   : 0.000

Type  : Slow 1200mV 0C Model Removal 'NiosII|external_clocks|DE_Clock_Generator_System|auto_generated|pll1|clk[0]'
Slack : 1.445
TNS   : 0.000

Type  : Slow 1200mV 0C Model Removal 'altera_reserved_tck'
Slack : 1.516
TNS   : 0.000

Type  : Slow 1200mV 0C Model Removal 'CLOCK_50'
Slack : 3.014
TNS   : 0.000

Type  : Slow 1200mV 0C Model Minimum Pulse Width 'NiosII|external_clocks|DE_Clock_Generator_System|auto_generated|pll1|clk[0]'
Slack : 9.587
TNS   : 0.000

Type  : Slow 1200mV 0C Model Minimum Pulse Width 'CLOCK_50'
Slack : 9.638
TNS   : 0.000

Type  : Slow 1200mV 0C Model Minimum Pulse Width 'TD_CLK27'
Slack : 33.037
TNS   : 0.000

Type  : Slow 1200mV 0C Model Minimum Pulse Width 'altera_reserved_tck'
Slack : 49.365
TNS   : 0.000

Type  : Fast 1200mV 0C Model Setup 'NiosII|external_clocks|DE_Clock_Generator_System|auto_generated|pll1|clk[0]'
Slack : 8.218
TNS   : 0.000

Type  : Fast 1200mV 0C Model Setup 'CLOCK_50'
Slack : 13.729
TNS   : 0.000

Type  : Fast 1200mV 0C Model Setup 'altera_reserved_tck'
Slack : 48.007
TNS   : 0.000

Type  : Fast 1200mV 0C Model Hold 'NiosII|external_clocks|DE_Clock_Generator_System|auto_generated|pll1|clk[0]'
Slack : 0.089
TNS   : 0.000

Type  : Fast 1200mV 0C Model Hold 'CLOCK_50'
Slack : 0.123
TNS   : 0.000

Type  : Fast 1200mV 0C Model Hold 'altera_reserved_tck'
Slack : 0.181
TNS   : 0.000

Type  : Fast 1200mV 0C Model Recovery 'NiosII|external_clocks|DE_Clock_Generator_System|auto_generated|pll1|clk[0]'
Slack : 7.364
TNS   : 0.000

Type  : Fast 1200mV 0C Model Recovery 'CLOCK_50'
Slack : 17.823
TNS   : 0.000

Type  : Fast 1200mV 0C Model Recovery 'altera_reserved_tck'
Slack : 49.155
TNS   : 0.000

Type  : Fast 1200mV 0C Model Removal 'NiosII|external_clocks|DE_Clock_Generator_System|auto_generated|pll1|clk[0]'
Slack : 0.680
TNS   : 0.000

Type  : Fast 1200mV 0C Model Removal 'altera_reserved_tck'
Slack : 0.702
TNS   : 0.000

Type  : Fast 1200mV 0C Model Removal 'CLOCK_50'
Slack : 1.583
TNS   : 0.000

Type  : Fast 1200mV 0C Model Minimum Pulse Width 'CLOCK_50'
Slack : 9.201
TNS   : 0.000

Type  : Fast 1200mV 0C Model Minimum Pulse Width 'NiosII|external_clocks|DE_Clock_Generator_System|auto_generated|pll1|clk[0]'
Slack : 9.750
TNS   : 0.000

Type  : Fast 1200mV 0C Model Minimum Pulse Width 'TD_CLK27'
Slack : 33.037
TNS   : 0.000

Type  : Fast 1200mV 0C Model Minimum Pulse Width 'altera_reserved_tck'
Slack : 49.302
TNS   : 0.000

------------------------------------------------------------
